[    1427ms] [ERROR] Failed to load resource: the server responded with a status of 503 (Service Temporarily Unavailable) @ http://localhost:3333/api/vagalume/search.php?art=Alex%20Warren&mus=Ordinary:0
[    2465ms] [ERROR] Failed to load resource: the server responded with a status of 503 (Service Temporarily Unavailable) @ http://localhost:3333/api/vagalume/search.php?art=BTS&mus=Please:0
[    3564ms] [ERROR] Failed to load resource: the server responded with a status of 503 (Service Temporarily Unavailable) @ http://localhost:3333/api/vagalume/search.php?art=Racionais%20MC%27s&mus=Sou%20%2B%20Voc%C3%AA:0
[    4396ms] [ERROR] Failed to load resource: the server responded with a status of 404 (Not Found) @ http://localhost:3333/api/lyrics/v1/Racionais%20MC's/Sou%20%2B%20Voc%C3%AA:0
[    4752ms] [ERROR] Failed to load resource: the server responded with a status of 503 (Service Temporarily Unavailable) @ http://localhost:3333/api/vagalume/search.php?art=RUGGERO&mus=Fashion%20Week:0
[    5377ms] [ERROR] Failed to load resource: the server responded with a status of 404 (Not Found) @ http://localhost:3333/api/lyrics/v1/RUGGERO/Fashion%20Week:0
[    5695ms] [ERROR] Failed to load resource: the server responded with a status of 503 (Service Temporarily Unavailable) @ http://localhost:3333/api/vagalume/search.php?art=Harry%20Styles&mus=Fine%20Line:0
[    6670ms] [ERROR] Failed to load resource: the server responded with a status of 503 (Service Temporarily Unavailable) @ http://localhost:3333/api/vagalume/search.php?art=can%E2%80%99t%20be%20blue%20(%EC%BA%94%ED%8A%B8%EB%B9%84%EB%B8%94%EB%A3%A8)%20%26%20HAN&mus=can%27t%20love:0
[    7593ms] [ERROR] Failed to load resource: the server responded with a status of 404 (Not Found) @ http://localhost:3333/api/lyrics/v1/can%E2%80%99t%20be%20blue%20(%EC%BA%94%ED%8A%B8%EB%B9%84%EB%B8%94%EB%A3%A8)%20%26%20HAN/can't%20love:0
[    7906ms] [ERROR] Failed to load resource: the server responded with a status of 503 (Service Temporarily Unavailable) @ http://localhost:3333/api/vagalume/search.php?art=Julliany%20Souza&mus=AH%2C%20JESUS%20%2F%20CORA%C3%87%C3%83O%20IGUAL%20AO%20TEU:0
[    8545ms] [ERROR] Failed to load resource: the server responded with a status of 404 (Not Found) @ http://localhost:3333/api/lyrics/v1/Julliany%20Souza/AH%2C%20JESUS%20%2F%20CORA%C3%87%C3%83O%20IGUAL%20AO%20TEU:0
[    8861ms] [ERROR] Failed to load resource: the server responded with a status of 503 (Service Temporarily Unavailable) @ http://localhost:3333/api/vagalume/search.php?art=Billie%20Eilish&mus=BIRDS%20OF%20A%20FEATHER:0
[    9736ms] [ERROR] Failed to load resource: the server responded with a status of 503 (Service Temporarily Unavailable) @ http://localhost:3333/api/vagalume/search.php?art=Benson%20Boone&mus=Beautiful%20Things:0
[   10654ms] [ERROR] Failed to load resource: the server responded with a status of 503 (Service Temporarily Unavailable) @ http://localhost:3333/api/vagalume/search.php?art=HUNTR%2FX%2C%20EJAE%2C%20AUDREY%20NUNA%2C%20REI%20AMI%20%26%20KPop%20Demon%20Hunters%20Cast&mus=Golden:0
[   11349ms] [ERROR] Failed to load resource: the server responded with a status of 404 (Not Found) @ http://localhost:3333/api/lyrics/v1/HUNTR%2FX%2C%20EJAE%2C%20AUDREY%20NUNA%2C%20REI%20AMI%20%26%20KPop%20Demon%20Hunters%20Cast/Golden:0
[   11664ms] [ERROR] Failed to load resource: the server responded with a status of 503 (Service Temporarily Unavailable) @ http://localhost:3333/api/vagalume/search.php?art=Samuel%20Batista%20Filho&mus=Filho%20da%20F%C3%A9:0
[   17185ms] [ERROR] Failed to load resource: the server responded with a status of 404 (Not Found) @ http://localhost:3333/api/lyrics/v1/Samuel%20Batista%20Filho/Filho%20da%20F%C3%A9:0
[   17507ms] [ERROR] Failed to load resource: the server responded with a status of 503 (Service Temporarily Unavailable) @ http://localhost:3333/api/vagalume/search.php?art=Michael%20Jackson&mus=Billie%20Jean:0
[   18391ms] [ERROR] Failed to load resource: the server responded with a status of 503 (Service Temporarily Unavailable) @ http://localhost:3333/api/vagalume/search.php?art=BTS&mus=Into%20the%20Sun:0
[   19420ms] [ERROR] Failed to load resource: the server responded with a status of 503 (Service Temporarily Unavailable) @ http://localhost:3333/api/vagalume/search.php?art=Shakira&mus=Hips%20Don%27t%20Lie%20(feat.%20Wyclef%20Jean):0
[   20094ms] [ERROR] Failed to load resource: the server responded with a status of 404 (Not Found) @ http://localhost:3333/api/lyrics/v1/Shakira/Hips%20Don't%20Lie%20(feat.%20Wyclef%20Jean):0
[   20451ms] [ERROR] Failed to load resource: the server responded with a status of 503 (Service Temporarily Unavailable) @ http://localhost:3333/api/vagalume/search.php?art=Jeninho%20%26%20Mariana%20Fagundes&mus=Pe%C3%A3o%20Todo%20Tatuado:0
[   21351ms] [ERROR] Failed to load resource: the server responded with a status of 404 (Not Found) @ http://localhost:3333/api/lyrics/v1/Jeninho%20%26%20Mariana%20Fagundes/Pe%C3%A3o%20Todo%20Tatuado:0
[   21711ms] [ERROR] Failed to load resource: the server responded with a status of 503 (Service Temporarily Unavailable) @ http://localhost:3333/api/vagalume/search.php?art=Pearl%20Jam&mus=Black:0
[   22546ms] [ERROR] Failed to load resource: the server responded with a status of 503 (Service Temporarily Unavailable) @ http://localhost:3333/api/vagalume/search.php?art=Justin%20Bieber&mus=2%20Much:0
[   23643ms] [ERROR] Failed to load resource: the server responded with a status of 503 (Service Temporarily Unavailable) @ http://localhost:3333/api/vagalume/search.php?art=Taylor%20Swift&mus=The%20Fate%20of%20Ophelia:0
[   24503ms] [ERROR] Failed to load resource: the server responded with a status of 503 (Service Temporarily Unavailable) @ http://localhost:3333/api/vagalume/search.php?art=BTS&mus=Hooligan:0
[   25337ms] [ERROR] Failed to load resource: the server responded with a status of 503 (Service Temporarily Unavailable) @ http://localhost:3333/api/vagalume/search.php?art=Ricchi%20%26%20Poveri&mus=Sar%C3%A0%20Perch%C3%A9%20Ti%20Amo:0
[   26299ms] [ERROR] Failed to load resource: the server responded with a status of 404 (Not Found) @ http://localhost:3333/api/lyrics/v1/Ricchi%20%26%20Poveri/Sar%C3%A0%20Perch%C3%A9%20Ti%20Amo:0
[   26618ms] [ERROR] Failed to load resource: the server responded with a status of 503 (Service Temporarily Unavailable) @ http://localhost:3333/api/vagalume/search.php?art=The%20Goo%20Goo%20Dolls&mus=Iris:0
[   32186ms] [ERROR] Failed to load resource: the server responded with a status of 404 (Not Found) @ http://localhost:3333/api/lyrics/v1/The%20Goo%20Goo%20Dolls/Iris:0
[   32503ms] [ERROR] Failed to load resource: the server responded with a status of 503 (Service Temporarily Unavailable) @ http://localhost:3333/api/vagalume/search.php?art=Dire%20Straits&mus=Sultans%20of%20Swing:0
[   33361ms] [ERROR] Failed to load resource: the server responded with a status of 503 (Service Temporarily Unavailable) @ http://localhost:3333/api/vagalume/search.php?art=Julliany%20Souza%20%26%20L%C3%A9o%20Brand%C3%A3o&mus=Eu%20e%20Minha%20Casa:0
[   34104ms] [ERROR] Failed to load resource: the server responded with a status of 404 (Not Found) @ http://localhost:3333/api/lyrics/v1/Julliany%20Souza%20%26%20L%C3%A9o%20Brand%C3%A3o/Eu%20e%20Minha%20Casa:0
[   34417ms] [ERROR] Failed to load resource: the server responded with a status of 503 (Service Temporarily Unavailable) @ http://localhost:3333/api/vagalume/search.php?art=Michael%20Jackson&mus=Smooth%20Criminal:0
[   35241ms] [ERROR] Failed to load resource: the server responded with a status of 503 (Service Temporarily Unavailable) @ http://localhost:3333/api/vagalume/search.php?art=Bruno%20Mars&mus=Locked%20Out%20of%20Heaven:0
